// Jest Snapshot v1, https://goo.gl/fbAQLP

exports[`appExecute() it should work: outputStatus 1`] = `
[MockFunction] {
  "calls": Array [
    Array [
      2,
      1,
      5,
      3,
    ],
  ],
  "results": Array [
    Object {
      "type": "return",
      "value": undefined,
    },
  ],
}
`;
